{
	"#spec": "pantavisor-service-system@1",
	"_config/comapplication/etc/app/featureConfig.json": "7a3ce4c66039b873fac9d648526a840584d81e391a27f661662168908a37d62b",
	"_config/os/etc/dbus2-baudrate": "db04b91fa992e008ea6097f4b2bb7ccc6fbe2cb6cecc2f8214915125241b939c",
	"_config/uservice/var/lib/connman/predefinedGadget.config": "179f29dce94efc3d6cfbf43cb16ef5725079ac6f35a26ec3558dff7b5c7532b4",
	"_config/ventilation_appliance_domain/etc/app/appliance_domain_config.json": "de389732a039b09232f9244b8b29bba3f5bfbca3984dc285534839c05d8ab706",
	"_config/ventilation_appliance_domain/etc/app/performance_profile.xml": "5c943496e8a94d92baf82e04589fc515f47e0c93b72c08310cc4fa921dd17ea5",
	"_config/ventilation_ecu_io/etc/app/ecu_io.json": "afd62328fc17447b322fb26f7f5356446166f45c3edda8da6c0a9ed1c40d58f9",
	"_config/ventilation_ecu_io/etc/inittab": "ad93f9788bf6e7bc7ecaa7eed0f0ca082b24f2b481de70160b9c31decd64336e",
	"_config/ventilation_ecu_io/usr/share/dbus2/fw/cpm/Parameter-1/Data": "f02763e5b3a04e36bd03fb2e640bd874e53b1222739921babfdbe2c9bd9e29b8",
	"_config/ventilation_ecu_io/usr/share/dbus2/fw/cpm/Parameter-1/id": "359d128adb45ed1acc074c8115da652a0249802dce1c3fc4d1b4ad1ba50c7918",
	"_config/ventilation_ecu_io/usr/share/dbus2/fw/cpm/Parameter-1/version": "8ad5ffa93d4f9de334799b2ab0f7a2001fbfeca1158e61515868fd88ebe9a0c1",
	"_config/ventilation_ecu_io/usr/share/dbus2/fw/uim/Parameter-1/Data": "48ea036d29b0247577c445207cbfe564706bd607151f8666d689ad3dd1b8a029",
	"_config/ventilation_ecu_io/usr/share/dbus2/fw/uim/Parameter-1/id": "359d128adb45ed1acc074c8115da652a0249802dce1c3fc4d1b4ad1ba50c7918",
	"_config/ventilation_ecu_io/usr/share/dbus2/fw/uim/Parameter-1/version": "8ad5ffa93d4f9de334799b2ab0f7a2001fbfeca1158e61515868fd88ebe9a0c1",
	"_config/ventilation_local_ui_handler/etc/app/ui_config.xml": "a9bd0a20e1fc035deaced226a7ce7dc77a1d2b569d869a427daacc51a099c67f",
	"_sigs/config_b.json": {
		"#spec": "pvs@2",
		"protected": "eyJhbGciOiJSUzI1NiIsImp3ayI6eyJrdHkiOiJSU0EiLCJuIjoidjRJa0w1MzBYRlkyT1V4aG9vOWVRaWZ1TmxRRk9mOGxHblowUlVGSm9aTkRRNWlHRWlxeXhNMEtpOVh5UUpVV1g2RHpXY3lSVVZPUklJS29hRS1yZlB3YUh1QmdOVDRXY2RzRjN6NTRsWGQ5TUNsdWdfejl5bEgtVFNLUGFKam9ORlAyTVdDX0p5dXUxbG5ucW5iNUdzUlQ1WFh1RlA4MTNwVDlnX25fRmFWbDNuendMUnQ5ZmhHOGs3Y1M5MlJyR2Y0R1pqQnYzUEtORnJWOHBvTmZ1aDI5WHJtcTBWc3ktVGpPNUphT2Q2bzVFcXhGZXBKTnMtS21mMUdMZjlfYS1rN0I3YUQyQWdKYy1hSk9GZ2VEVjNtUFBESXFfbmtPeG9tYXA0a3ZlR0RjbkxMcDg2T1VkUEJaLWVjZHl4ZmhRT3plcm44c2o4ODQ1bmhmWlpPRkN3IiwiZSI6IkFRQUIifSwicHZzIjp7ImluY2x1ZGUiOlsiX2NvbmZpZy9jb21hcHBsaWNhdGlvbi9ldGMvYXBwLyoqIiwiX2NvbmZpZy9vcy9ldGMvKioiLCJfY29uZmlnL3VzZXJ2aWNlL3Zhci9saWIvY29ubm1hbi8qKiIsIl9jb25maWcvdmVudGlsYXRpb25fYXBwbGlhbmNlX2RvbWFpbi9ldGMvYXBwLyoqIiwiX2NvbmZpZy92ZW50aWxhdGlvbl9lY3VfaW8vZXRjL2FwcC8qKiIsIl9jb25maWcvdmVudGlsYXRpb25fZWN1X2lvL3Vzci9zaGFyZS9kYnVzMi9mdy9jcG0vUGFyYW1ldGVyLTEvKioiLCJfY29uZmlnL3ZlbnRpbGF0aW9uX2VjdV9pby91c3Ivc2hhcmUvZGJ1czIvZncvdWltL1BhcmFtZXRlci0xLyoqIiwiX2NvbmZpZy92ZW50aWxhdGlvbl9sb2NhbF91aV9oYW5kbGVyL2V0Yy9hcHAvKioiLCJjb25maWdfYi9pZC5qc29uIl0sImV4Y2x1ZGUiOlsiX3NpZ3MvY29uZmlnX2IuanNvbiIsIl9zaWdzL2NvbmZpZ19iLmpzb24iXX0sInR5cCI6IlBWUyIsIng1YyI6WyJNSUlEYWpDQ0FsS2dBd0lCQWdJUkFLQnNoZS9Bd1A5ZGI2dU9TSUxTdThJd0RRWUpLb1pJaHZjTkFRRUxCUUF3SERFYU1CZ0dBMVVFQXd3UlVHRnVkR0YyYVhOdmNpQkVaWFlnUTBFd0hoY05Nakl3TmpFeU1UQXdNREU0V2hjTk1qUXdPVEUwTVRBd01ERTRXakFhTVJnd0ZnWURWUVFEREE5d2RpMWtaWFpsYkc5d1pYSXRNREV3Z2dFaU1BMEdDU3FHU0liM0RRRUJBUVVBQTRJQkR3QXdnZ0VLQW9JQkFRQy9naVF2bmZSY1ZqWTVUR0dpajE1Q0orNDJWQVU1L3lVYWRuUkZRVW1oazBORG1JWVNLckxFelFxTDFmSkFsUlpmb1BOWnpKRlJVNUVnZ3Fob1Q2dDgvQm9lNEdBMVBoWngyd1hmUG5pVmQzMHdLVzZEL1AzS1VmNU5JbzlvbU9nMFUvWXhZTDhuSzY3V1dlZXFkdmtheEZQbGRlNFUvelhlbFAyRCtmOFZwV1hlZlBBdEczMStFYnlUdHhMM1pHc1ovZ1ptTUcvYzhvMFd0WHltZzErNkhiMWV1YXJSV3pMNU9NN2tsbzUzcWprU3JFVjZrazJ6NHFaL1VZdC8zOXI2VHNIdG9QWUNBbHo1b2s0V0I0TlhlWTg4TWlyK2VRN0dpWnFuaVM5NFlOeWNzdW56bzVSMDhGbjU1eDNMRitGQTdONnVmeXlQenpqbWVGOWxrNFVMQWdNQkFBR2pnYWd3Z2FVd0NRWURWUjBUQkFJd0FEQWRCZ05WSFE0RUZnUVUxZTN4WmhIUkJKejJKSkp5UjE2ZjJMRzIyR013VndZRFZSMGpCRkF3VG9BVVdZdVErcEtDNElicG1DbXZFL2o0SWVxUmdUMmhJS1FlTUJ3eEdqQVlCZ05WQkFNTUVWQmhiblJoZG1semIzSWdSR1YySUVOQmdoUmpjUVowZWlxcXRCazgwZUJqSUFTVFNjV0p5akFUQmdOVkhTVUVEREFLQmdnckJnRUZCUWNEQXpBTEJnTlZIUThFQkFNQ0I0QXdEUVlKS29aSWh2Y05BUUVMQlFBRGdnRUJBQlcwVUN6SDVtN2txNFE0Yi9qelFLM05QeTlQRjhwOWxoOEtzNWR2SElBUWJMbU1LeUZiWFFpcm5YcWVlZUhYOStNVEU2TDdtSlVaNkVab2JlMWppSjZURzNwcnE4M1dyUUhFaEJQV1k5NWFsZFBBblhCeEhPS3o5by9xYTMrZVVZWHVoTVorUFBiWWRjbVpvZTgyQTc3SlZzRzFKRmNlaURsWFZ6YjgvK2p1bWd4MFUzc1hXN2FBcjFaV2FNNFZqWkx0bGZ3Qk9KL1FDTThsdFJhUjJPejdtVGpmVTUzWlgzUThzVkFUR2VVRWhHbFN6SEhUQjQvb01nRnZ3YWhPaWZTeTJuUk1FL0F5L0NqTDMvSDIxRTBHRHAvaUJvQWdQbzcvQWhNZEU5aUYyV2d0Y0F3RVVFcHZqdldJNFlrN1libTMzUEl0VGhsN0NDTmNvNHVOTzlvPSJdfQ",
		"signature": "qOaTZnZ5xBtdBE_5jkBcTrsZ0U2Z3_W5DSyYe0vS5JVGIhPcKKm1LBEmuWjBXg7g72_KiIsNyaxGtPrhwPKGlnT1_6OMoS7VZ7kOxvieRrYvcnRYnzOX6HGo9GPGK0PF54HQ2wGGIIB6HidA6evausuQq5p31DsDUeV9Oq0-dB3K7j8rdGeHnQrbszWbeLKPNKB52L4-69gc7m_ANWaVvkQrb09OrLe105CjeA9nF1zW1Pij3VKB9Yi-qBSsa0qvk15XFVqM3IN8AzNt1iP3uWnQH85EY9y-QIvZSBsZQuoLqF22h1uqVklVt_o96vfsXlxMh-nyjvcqsaDg3rfCqA"
	},
	"config_b/id.json": {
		"uid": 10000000000000000000,
		"version": {
			"build": 1684823287,
			"major": 1,
			"minor": 0,
			"revision": 2
		}
	}
}