{
  "#spec": "pantavisor-service-system@1",
  "_config/comapplication/etc/app/featureConfig.json": "7a3ce4c66039b873fac9d648526a840584d81e391a27f661662168908a37d62b",
  "_config/os/etc/dbus2-baudrate": "db04b91fa992e008ea6097f4b2bb7ccc6fbe2cb6cecc2f8214915125241b939c",
  "_config/uservice/var/lib/connman/predefinedGadget.config": "179f29dce94efc3d6cfbf43cb16ef5725079ac6f35a26ec3558dff7b5c7532b4",
  "_config/ventilation_appliance_domain/etc/app/appliance_domain_config.json": "de389732a039b09232f9244b8b29bba3f5bfbca3984dc285534839c05d8ab706",
  "_config/ventilation_appliance_domain/etc/app/performance_profile.xml": "5c943496e8a94d92baf82e04589fc515f47e0c93b72c08310cc4fa921dd17ea5",
  "_config/ventilation_ecu_io/etc/app/ecu_io.json": "afd62328fc17447b322fb26f7f5356446166f45c3edda8da6c0a9ed1c40d58f9",
  "_config/ventilation_ecu_io/etc/inittab": "ad93f9788bf6e7bc7ecaa7eed0f0ca082b24f2b481de70160b9c31decd64336e",
  "_config/ventilation_ecu_io/usr/share/dbus2/fw/cpm/Parameter-1/Data": "f02763e5b3a04e36bd03fb2e640bd874e53b1222739921babfdbe2c9bd9e29b8",
  "_config/ventilation_ecu_io/usr/share/dbus2/fw/cpm/Parameter-1/id": "359d128adb45ed1acc074c8115da652a0249802dce1c3fc4d1b4ad1ba50c7918",
  "_config/ventilation_ecu_io/usr/share/dbus2/fw/cpm/Parameter-1/version": "8ad5ffa93d4f9de334799b2ab0f7a2001fbfeca1158e61515868fd88ebe9a0c1",
  "_config/ventilation_ecu_io/usr/share/dbus2/fw/uim/Parameter-1/Data": "48ea036d29b0247577c445207cbfe564706bd607151f8666d689ad3dd1b8a029",
  "_config/ventilation_ecu_io/usr/share/dbus2/fw/uim/Parameter-1/id": "359d128adb45ed1acc074c8115da652a0249802dce1c3fc4d1b4ad1ba50c7918",
  "_config/ventilation_ecu_io/usr/share/dbus2/fw/uim/Parameter-1/version": "8ad5ffa93d4f9de334799b2ab0f7a2001fbfeca1158e61515868fd88ebe9a0c1",
  "_config/ventilation_local_ui_handler/etc/app/ui_config.xml": "a9bd0a20e1fc035deaced226a7ce7dc77a1d2b569d869a427daacc51a099c67f",
  "_sigs/config_b.json": {
    "#spec": "pvs@2",
    "protected": "eyJhbGciOiJSUzI1NiIsImp3ayI6eyJrdHkiOiJSU0EiLCJuIjoidjRJa0w1MzBYRlkyT1V4aG9vOWVRaWZ1TmxRRk9mOGxHblowUlVGSm9aTkRRNWlHRWlxeXhNMEtpOVh5UUpVV1g2RHpXY3lSVVZPUklJS29hRS1yZlB3YUh1QmdOVDRXY2RzRjN6NTRsWGQ5TUNsdWdfejl5bEgtVFNLUGFKam9ORlAyTVdDX0p5dXUxbG5ucW5iNUdzUlQ1WFh1RlA4MTNwVDlnX25fRmFWbDNuendMUnQ5ZmhHOGs3Y1M5MlJyR2Y0R1pqQnYzUEtORnJWOHBvTmZ1aDI5WHJtcTBWc3ktVGpPNUphT2Q2bzVFcXhGZXBKTnMtS21mMUdMZjlfYS1rN0I3YUQyQWdKYy1hSk9GZ2VEVjNtUFBESXFfbmtPeG9tYXA0a3ZlR0RjbkxMcDg2T1VkUEJaLWVjZHl4ZmhRT3plcm44c2o4ODQ1bmhmWlpPRkN3IiwiZSI6IkFRQUIifSwicHZzIjp7ImluY2x1ZGUiOlsiX2NvbmZpZy92ZW50aWxhdGlvbl9sb2NhbF91aV9oYW5kbGVyL2V0Yy9hcHAvdWlfY29uZmlnLnhtbCIsIl9jb25maWcvb3MvZXRjL2RidXMyLWJhdWRyYXRlIiwiX2NvbmZpZy92ZW50aWxhdGlvbl9lY3VfaW8vdXNyL3NoYXJlL2RidXMyL2Z3L3VpbS9QYXJhbWV0ZXItMS92ZXJzaW9uIiwiX2NvbmZpZy92ZW50aWxhdGlvbl9lY3VfaW8vdXNyL3NoYXJlL2RidXMyL2Z3L3VpbS9QYXJhbWV0ZXItMS9pZCIsIl9jb25maWcvdmVudGlsYXRpb25fZWN1X2lvL3Vzci9zaGFyZS9kYnVzMi9mdy91aW0vUGFyYW1ldGVyLTEvRGF0YSIsIl9jb25maWcvdmVudGlsYXRpb25fZWN1X2lvL3Vzci9zaGFyZS9kYnVzMi9mdy9jcG0vUGFyYW1ldGVyLTEvdmVyc2lvbiIsIl9jb25maWcvdmVudGlsYXRpb25fZWN1X2lvL3Vzci9zaGFyZS9kYnVzMi9mdy9jcG0vUGFyYW1ldGVyLTEvaWQiLCJfY29uZmlnL3ZlbnRpbGF0aW9uX2VjdV9pby91c3Ivc2hhcmUvZGJ1czIvZncvY3BtL1BhcmFtZXRlci0xL0RhdGEiLCJfY29uZmlnL3ZlbnRpbGF0aW9uX2VjdV9pby9ldGMvYXBwL2VjdV9pby5qc29uIiwiX2NvbmZpZy92ZW50aWxhdGlvbl9lY3VfaW8vZXRjL2luaXR0YWIiLCJfY29uZmlnL3ZlbnRpbGF0aW9uX2FwcGxpYW5jZV9kb21haW4vZXRjL2FwcC9hcHBsaWFuY2VfZG9tYWluX2NvbmZpZy5qc29uIiwiX2NvbmZpZy92ZW50aWxhdGlvbl9hcHBsaWFuY2VfZG9tYWluL2V0Yy9hcHAvcGVyZm9ybWFuY2VfcHJvZmlsZS54bWwiLCJfY29uZmlnL2NvbWFwcGxpY2F0aW9uL2V0Yy9hcHAvZmVhdHVyZUNvbmZpZy5qc29uIiwiX2NvbmZpZy91c2VydmljZS92YXIvbGliL2Nvbm5tYW4vcHJlZGVmaW5lZEdhZGdldC5jb25maWciLCJjb25maWdfYi9pZC5qc29uIl0sImV4Y2x1ZGUiOlsic3JjLmpzb24iLCJfc2lncy9jb25maWdfYi5qc29uIl19LCJ0eXAiOiJQVlMiLCJ4NWMiOlsiTUlJRGFqQ0NBbEtnQXdJQkFnSVJBS0JzaGUvQXdQOWRiNnVPU0lMU3U4SXdEUVlKS29aSWh2Y05BUUVMQlFBd0hERWFNQmdHQTFVRUF3d1JVR0Z1ZEdGMmFYTnZjaUJFWlhZZ1EwRXdIaGNOTWpJd05qRXlNVEF3TURFNFdoY05NalF3T1RFME1UQXdNREU0V2pBYU1SZ3dGZ1lEVlFRRERBOXdkaTFrWlhabGJHOXdaWEl0TURFd2dnRWlNQTBHQ1NxR1NJYjNEUUVCQVFVQUE0SUJEd0F3Z2dFS0FvSUJBUUMvZ2lRdm5mUmNWalk1VEdHaWoxNUNKKzQyVkFVNS95VWFkblJGUVVtaGswTkRtSVlTS3JMRXpRcUwxZkpBbFJaZm9QTlp6SkZSVTVFZ2dxaG9UNnQ4L0JvZTRHQTFQaFp4MndYZlBuaVZkMzB3S1c2RC9QM0tVZjVOSW85b21PZzBVL1l4WUw4bks2N1dXZWVxZHZrYXhGUGxkZTRVL3pYZWxQMkQrZjhWcFdYZWZQQXRHMzErRWJ5VHR4TDNaR3NaL2dabU1HL2M4bzBXdFh5bWcxKzZIYjFldWFyUld6TDVPTTdrbG81M3Fqa1NyRVY2a2syejRxWi9VWXQvMzlyNlRzSHRvUFlDQWx6NW9rNFdCNE5YZVk4OE1pcitlUTdHaVpxbmlTOTRZTnljc3Vuem81UjA4Rm41NXgzTEYrRkE3TjZ1Znl5UHp6am1lRjlsazRVTEFnTUJBQUdqZ2Fnd2dhVXdDUVlEVlIwVEJBSXdBREFkQmdOVkhRNEVGZ1FVMWUzeFpoSFJCSnoySkpKeVIxNmYyTEcyMkdNd1Z3WURWUjBqQkZBd1RvQVVXWXVRK3BLQzRJYnBtQ212RS9qNEllcVJnVDJoSUtRZU1Cd3hHakFZQmdOVkJBTU1FVkJoYm5SaGRtbHpiM0lnUkdWMklFTkJnaFJqY1FaMGVpcXF0Qms4MGVCaklBU1RTY1dKeWpBVEJnTlZIU1VFRERBS0JnZ3JCZ0VGQlFjREF6QUxCZ05WSFE4RUJBTUNCNEF3RFFZSktvWklodmNOQVFFTEJRQURnZ0VCQUJXMFVDekg1bTdrcTRRNGIvanpRSzNOUHk5UEY4cDlsaDhLczVkdkhJQVFiTG1NS3lGYlhRaXJuWHFlZWVIWDkrTVRFNkw3bUpVWjZFWm9iZTFqaUo2VEczcHJxODNXclFIRWhCUFdZOTVhbGRQQW5YQnhIT0t6OW8vcWEzK2VVWVh1aE1aK1BQYllkY21ab2U4MkE3N0pWc0cxSkZjZWlEbFhWemI4LytqdW1neDBVM3NYVzdhQXIxWldhTTRWalpMdGxmd0JPSi9RQ004bHRSYVIyT3o3bVRqZlU1M1pYM1E4c1ZBVEdlVUVoR2xTekhIVEI0L29NZ0Z2d2FoT2lmU3kyblJNRS9BeS9DakwzL0gyMUUwR0RwL2lCb0FnUG83L0FoTWRFOWlGMldndGNBd0VVRXB2anZXSTRZazdZYm0zM1BJdFRobDdDQ05jbzR1Tk85bz0iXX0",
    "signature": "GxirW3PCoJbv79S3Mog5ex0tOD6_SzUfDwWJ9RTKbFBJ0WX5cmlzPDdQCKvpoUtUfdTO0hH2I2ty2KwSYb1hE8KRCwgB04iQ1CNS4Fne5z_d2Z2sYFLo9fAKjg1KDMIkWW2oIBp_HIe2ycbDZoKSacCLfFrhcgHgQvsRvnAbT6UDNCJghi7o5nHIkuOT9HjrwXl85UGsiRMfEy_w3irZ7BxyCLxfZ5ywjMiO9JATzT5qmXgE0G3D9-kGopohaUrLDOrInWAGeH4yBu8Z1LzO5-lRuB68P6fZig-hF-I3bY2IajxHamdXLLpLYgyKjvU3vY9RhuBuSP3XVXD3C5xDgw"
  },
  "config_b/id.json": {
    "uid": 10000000000000000000,
    "version": {
      "build": 1684823287,
      "major": 1,
      "minor": 0,
      "revision": 2
    }
  }
}