{
	"#spec": "pantavisor-service-system@1",
	"_sigs/bsp.json": {
		"#spec": "pvs@2",
		"protected": "eyJhbGciOiJSUzI1NiIsImp3ayI6eyJrdHkiOiJSU0EiLCJuIjoidjRJa0w1MzBYRlkyT1V4aG9vOWVRaWZ1TmxRRk9mOGxHblowUlVGSm9aTkRRNWlHRWlxeXhNMEtpOVh5UUpVV1g2RHpXY3lSVVZPUklJS29hRS1yZlB3YUh1QmdOVDRXY2RzRjN6NTRsWGQ5TUNsdWdfejl5bEgtVFNLUGFKam9ORlAyTVdDX0p5dXUxbG5ucW5iNUdzUlQ1WFh1RlA4MTNwVDlnX25fRmFWbDNuendMUnQ5ZmhHOGs3Y1M5MlJyR2Y0R1pqQnYzUEtORnJWOHBvTmZ1aDI5WHJtcTBWc3ktVGpPNUphT2Q2bzVFcXhGZXBKTnMtS21mMUdMZjlfYS1rN0I3YUQyQWdKYy1hSk9GZ2VEVjNtUFBESXFfbmtPeG9tYXA0a3ZlR0RjbkxMcDg2T1VkUEJaLWVjZHl4ZmhRT3plcm44c2o4ODQ1bmhmWlpPRkN3IiwiZSI6IkFRQUIifSwicHZzIjp7ImluY2x1ZGUiOlsiYnNwLyoqIiwiI3NwZWMiLCJkZXZpY2UuanNvbiJdLCJleGNsdWRlIjpbImJzcC9idWlsZC5qc29uIiwiYnNwL3NyYy5qc29uIiwiX3NpZ3MvYnNwLmpzb24iLCJfc2lncy8uanNvbiJdfSwidHlwIjoiUFZTIiwieDVjIjpbIk1JSURhakNDQWxLZ0F3SUJBZ0lSQUtCc2hlL0F3UDlkYjZ1T1NJTFN1OEl3RFFZSktvWklodmNOQVFFTEJRQXdIREVhTUJnR0ExVUVBd3dSVUdGdWRHRjJhWE52Y2lCRVpYWWdRMEV3SGhjTk1qSXdOakV5TVRBd01ERTRXaGNOTWpRd09URTBNVEF3TURFNFdqQWFNUmd3RmdZRFZRUUREQTl3ZGkxa1pYWmxiRzl3WlhJdE1ERXdnZ0VpTUEwR0NTcUdTSWIzRFFFQkFRVUFBNElCRHdBd2dnRUtBb0lCQVFDL2dpUXZuZlJjVmpZNVRHR2lqMTVDSis0MlZBVTUveVVhZG5SRlFVbWhrME5EbUlZU0tyTEV6UXFMMWZKQWxSWmZvUE5aekpGUlU1RWdncWhvVDZ0OC9Cb2U0R0ExUGhaeDJ3WGZQbmlWZDMwd0tXNkQvUDNLVWY1TklvOW9tT2cwVS9ZeFlMOG5LNjdXV2VlcWR2a2F4RlBsZGU0VS96WGVsUDJEK2Y4VnBXWGVmUEF0RzMxK0VieVR0eEwzWkdzWi9nWm1NRy9jOG8wV3RYeW1nMSs2SGIxZXVhclJXekw1T003a2xvNTNxamtTckVWNmtrMno0cVovVVl0LzM5cjZUc0h0b1BZQ0FsejVvazRXQjROWGVZODhNaXIrZVE3R2lacW5pUzk0WU55Y3N1bnpvNVIwOEZuNTV4M0xGK0ZBN042dWZ5eVB6emptZUY5bGs0VUxBZ01CQUFHamdhZ3dnYVV3Q1FZRFZSMFRCQUl3QURBZEJnTlZIUTRFRmdRVTFlM3haaEhSQkp6MkpKSnlSMTZmMkxHMjJHTXdWd1lEVlIwakJGQXdUb0FVV1l1UStwS0M0SWJwbUNtdkUvajRJZXFSZ1QyaElLUWVNQnd4R2pBWUJnTlZCQU1NRVZCaGJuUmhkbWx6YjNJZ1JHVjJJRU5CZ2hSamNRWjBlaXFxdEJrODBlQmpJQVNUU2NXSnlqQVRCZ05WSFNVRUREQUtCZ2dyQmdFRkJRY0RBekFMQmdOVkhROEVCQU1DQjRBd0RRWUpLb1pJaHZjTkFRRUxCUUFEZ2dFQkFCVzBVQ3pINW03a3E0UTRiL2p6UUszTlB5OVBGOHA5bGg4S3M1ZHZISUFRYkxtTUt5RmJYUWlyblhxZWVlSFg5K01URTZMN21KVVo2RVpvYmUxamlKNlRHM3BycTgzV3JRSEVoQlBXWTk1YWxkUEFuWEJ4SE9LejlvL3FhMytlVVlYdWhNWitQUGJZZGNtWm9lODJBNzdKVnNHMUpGY2VpRGxYVnpiOC8ranVtZ3gwVTNzWFc3YUFyMVpXYU00VmpaTHRsZndCT0ovUUNNOGx0UmFSMk96N21UamZVNTNaWDNROHNWQVRHZVVFaEdsU3pISFRCNC9vTWdGdndhaE9pZlN5Mm5STUUvQXkvQ2pMMy9IMjFFMEdEcC9pQm9BZ1BvNy9BaE1kRTlpRjJXZ3RjQXdFVUVwdmp2V0k0WWs3WWJtMzNQSXRUaGw3Q0NOY280dU5POW89Il19",
		"signature": "Qp7HA64dLsQmm6MhS5V1OVGK4B32z-6YRIwdOFDwH6sA35sBaRTI7WH0jCI44YmXRmLBllxMkEwoSZv5fqsXqHXbOVOipzwtD6U6c6yCzqp2O1JcCdKkTmHz6Bakv4dotHf1RfTwgo4lRDP4Mi5K1yHCivo54a6l7FgVyGK_Loe5wmWkbTlPA1_5dT4eKN8BcRq7dScBLCHX4H2RvkHILd-H6vTCjHfcgRXMWIOC1lEeFtfBIzZ5sr_2WLOLi71chsIfQz23OBmDSaJ3X7oDmm0AdDa3x6CtivbryPhc57i5LR8KjgjjvKM9XuI6AAe3NwEHsqMwSsn0ImafuT4Ikg"
	},
	"bsp/drivers.json": {
		"#spec": "driver-aliases@1",
		"all": {
			"bluetooth": [
				"hci_uart",
				"btbcm"
			],
			"usbncm": [],
			"usbnet": [
				"g_ether ${user-meta:usbnetmac}"
			],
			"wifi": [
				"brcmfmac alternative_fw_path=${user-meta:brcmfmac.alternative_fw_path}"
			],
			"wireguard": [
				"wireguard"
			]
		},
		"fitconfig:conf-base-config": {}
	},
	"bsp/firmware.squashfs": "6cebf61ac61e4d21bdff9d361e0c93adce2553fe268507b9f88b34c6d1810775",
	"bsp/fit-image.its": "62466bf4ffff352a87f120830470d0b653ee130156ec62333f5db90bc5def998",
	"bsp/modules.squashfs": "99337dcd5ef853cd4758bb369a9c543d26e2c87a62f6c1e5f11e2c8cc5a17932",
	"bsp/pantavisor.fit": "3b9fa2d41ce8df04a7b6cd7eca5affa69ca48eab4165f36ff3e7679305624cc3",
	"bsp/run.json": {
		"addons": [],
		"firmware": "firmware.squashfs",
		"fit": "pantavisor.fit",
		"initrd_config": "",
		"modules": "modules.squashfs"
	},
	"device.json": {
		"disks": [
			{
				"name": "dm-secrets",
				"path": "/storage/dm-crypt-files/dm-secrets/dcp.img,2,dcp_key_secrets",
				"type": "dm-crypt-dcp"
			}
		],
		"disks_v2": [
			{
				"format": "swap",
				"name": "zram-swap-1",
				"provision": "zram",
				"provision_options": "disksize=38M",
				"type": "swap-disk"
			}
		],
		"groups": [
			{
				"description": "System containers",
				"name": "System",
				"restart_policy": "system"
			},
			{
				"description": "Legacy runlevel: Containers which volumes we want to mount but not to be started",
				"name": "data",
				"restart_policy": "system",
				"status_goal": "MOUNTED"
			},
			{
				"description": "Legacy runlevel: Container or containers that are in charge of setting network connectivity up for the board",
				"name": "root",
				"restart_policy": "system",
				"status_goal": "STARTED"
			},
			{
				"description": "Legacy runlevel: Middleware and utility containers",
				"name": "platform",
				"restart_policy": "system",
				"status_goal": "STARTED"
			},
			{
				"description": "Development containers",
				"name": "Development",
				"restart_policy": "system"
			},
			{
				"description": "Appliance containers",
				"name": "Appliance",
				"restart_policy": "system"
			},
			{
				"description": "Legacy runlevel: Application level containers",
				"name": "app",
				"restart_policy": "container",
				"status_goal": "STARTED"
			},
			{
				"description": "Appliance interaction containers",
				"name": "ApplianceInteraction",
				"restart_policy": "system"
			},
			{
				"description": "Digital platform containers",
				"name": "DigitalPlatform",
				"restart_policy": "system"
			},
			{
				"description": "Digital service containers",
				"name": "DigitalServices",
				"restart_policy": "container"
			}
		],
		"remount": {
			"default": [
				{
					"/.*": "nosuid,noexec,noatime,nodev"
				},
				{
					"/dev": "dev"
				},
				{
					"/dev/.*": "dev"
				},
				{
					"/": "ro"
				}
			],
			"dev": [
				{
					"/.*": "nosuid,exec,noatime,nodev"
				},
				{
					"/dev": "dev"
				},
				{
					"/dev/.*": "dev"
				},
				{
					"/": "rw"
				}
			]
		},
		"volumes": {
			"pv--devmeta": {
				"persistence": "boot"
			},
			"pv--usrmeta": {
				"disk": "dm-secrets",
				"persistence": "permanent"
			}
		}
	}
}