{
  "#spec": "pantavisor-service-system@1",
  "_config/awconnect/etc/NetworkManager/dnsmasq-shared.d/device-dns.conf": "4a3d315468684cd64ef6915774a867121558297ca9fbab2ed9dd985eb7343886",
  "_config/awconnect/etc/iptables/dump": "a4cfeef3e10dee65b7df54828036a26aa4800ef5cbfd52dcbdc8eabee3e1ce6d",
  "_config/awconnect/etc/iptables/rules.v4": "6deed309e462b5f0044359cb944043d906ba5298cf87176403895eebcbf99b05",
  "_config/awconnect/etc/iptables/rules.v6": "b7c1828d5df611639f7dfc54e5d12b520e7797cc0a967b5ac5d2f178e282c8c6",
  "_config/awconnect/etc/wifi-connect/conf.d/WifiHotspot.json": {
    "psk": "p4nt4c0r",
    "ssid": "pantacor"
  },
  "_config/pv-avahi/etc/hostname": "2c8b08da5ce60398e1f19af0e5dccc744df274b826abe585eaba68c525434806",
  "_config/pvr-sdk/etc/pvr-sdk/config.json": {
    "httpd": {
      "listen": "0.0.0.0",
      "port": "12368"
    }
  },
  "_sigs/_hostconfig.json": {
    "#spec": "pvs@2",
    "protected": "eyJhbGciOiJSUzI1NiIsImp3ayI6eyJrdHkiOiJSU0EiLCJuIjoidjRJa0w1MzBYRlkyT1V4aG9vOWVRaWZ1TmxRRk9mOGxHblowUlVGSm9aTkRRNWlHRWlxeXhNMEtpOVh5UUpVV1g2RHpXY3lSVVZPUklJS29hRS1yZlB3YUh1QmdOVDRXY2RzRjN6NTRsWGQ5TUNsdWdfejl5bEgtVFNLUGFKam9ORlAyTVdDX0p5dXUxbG5ucW5iNUdzUlQ1WFh1RlA4MTNwVDlnX25fRmFWbDNuendMUnQ5ZmhHOGs3Y1M5MlJyR2Y0R1pqQnYzUEtORnJWOHBvTmZ1aDI5WHJtcTBWc3ktVGpPNUphT2Q2bzVFcXhGZXBKTnMtS21mMUdMZjlfYS1rN0I3YUQyQWdKYy1hSk9GZ2VEVjNtUFBESXFfbmtPeG9tYXA0a3ZlR0RjbkxMcDg2T1VkUEJaLWVjZHl4ZmhRT3plcm44c2o4ODQ1bmhmWlpPRkN3IiwiZSI6IkFRQUIifSwicHZzIjp7ImluY2x1ZGUiOlsiX2hvc3Rjb25maWcvKioiXSwiZXhjbHVkZSI6WyJzcmMuanNvbiIsIl9zaWdzLy5qc29uIl19LCJ0eXAiOiJQVlMiLCJ4NWMiOlsiTUlJRGFqQ0NBbEtnQXdJQkFnSVJBS0JzaGUvQXdQOWRiNnVPU0lMU3U4SXdEUVlKS29aSWh2Y05BUUVMQlFBd0hERWFNQmdHQTFVRUF3d1JVR0Z1ZEdGMmFYTnZjaUJFWlhZZ1EwRXdIaGNOTWpJd05qRXlNVEF3TURFNFdoY05NalF3T1RFME1UQXdNREU0V2pBYU1SZ3dGZ1lEVlFRRERBOXdkaTFrWlhabGJHOXdaWEl0TURFd2dnRWlNQTBHQ1NxR1NJYjNEUUVCQVFVQUE0SUJEd0F3Z2dFS0FvSUJBUUMvZ2lRdm5mUmNWalk1VEdHaWoxNUNKKzQyVkFVNS95VWFkblJGUVVtaGswTkRtSVlTS3JMRXpRcUwxZkpBbFJaZm9QTlp6SkZSVTVFZ2dxaG9UNnQ4L0JvZTRHQTFQaFp4MndYZlBuaVZkMzB3S1c2RC9QM0tVZjVOSW85b21PZzBVL1l4WUw4bks2N1dXZWVxZHZrYXhGUGxkZTRVL3pYZWxQMkQrZjhWcFdYZWZQQXRHMzErRWJ5VHR4TDNaR3NaL2dabU1HL2M4bzBXdFh5bWcxKzZIYjFldWFyUld6TDVPTTdrbG81M3Fqa1NyRVY2a2syejRxWi9VWXQvMzlyNlRzSHRvUFlDQWx6NW9rNFdCNE5YZVk4OE1pcitlUTdHaVpxbmlTOTRZTnljc3Vuem81UjA4Rm41NXgzTEYrRkE3TjZ1Znl5UHp6am1lRjlsazRVTEFnTUJBQUdqZ2Fnd2dhVXdDUVlEVlIwVEJBSXdBREFkQmdOVkhRNEVGZ1FVMWUzeFpoSFJCSnoySkpKeVIxNmYyTEcyMkdNd1Z3WURWUjBqQkZBd1RvQVVXWXVRK3BLQzRJYnBtQ212RS9qNEllcVJnVDJoSUtRZU1Cd3hHakFZQmdOVkJBTU1FVkJoYm5SaGRtbHpiM0lnUkdWMklFTkJnaFJqY1FaMGVpcXF0Qms4MGVCaklBU1RTY1dKeWpBVEJnTlZIU1VFRERBS0JnZ3JCZ0VGQlFjREF6QUxCZ05WSFE4RUJBTUNCNEF3RFFZSktvWklodmNOQVFFTEJRQURnZ0VCQUJXMFVDekg1bTdrcTRRNGIvanpRSzNOUHk5UEY4cDlsaDhLczVkdkhJQVFiTG1NS3lGYlhRaXJuWHFlZWVIWDkrTVRFNkw3bUpVWjZFWm9iZTFqaUo2VEczcHJxODNXclFIRWhCUFdZOTVhbGRQQW5YQnhIT0t6OW8vcWEzK2VVWVh1aE1aK1BQYllkY21ab2U4MkE3N0pWc0cxSkZjZWlEbFhWemI4LytqdW1neDBVM3NYVzdhQXIxWldhTTRWalpMdGxmd0JPSi9RQ004bHRSYVIyT3o3bVRqZlU1M1pYM1E4c1ZBVEdlVUVoR2xTekhIVEI0L29NZ0Z2d2FoT2lmU3kyblJNRS9BeS9DakwzL0gyMUUwR0RwL2lCb0FnUG83L0FoTWRFOWlGMldndGNBd0VVRXB2anZXSTRZazdZYm0zM1BJdFRobDdDQ05jbzR1Tk85bz0iXX0",
    "signature": "QnjVDCHAZOnEF92MBEQdUDyP0ONrUnTIXbRCX6b3tEjSQZY_6ToHEoYnYxL4zv8VVZmeVw-AdMdBezP-V1cQF5_R3MbmBcECUpuQ7OpGZR8ITakX-K1XgIwpKt8g3Lfxdupe_fkVCCUZNFnT5arrL2LQq-L0cX0wO_y4xJTuymYTT1FCA-lb3pPpfJEpMvPuwTs2RGb_q4QuG3ZFKBAdzAZ7z58y0Uy8GtS-fJqcv0pPOiLGksdxDjhJYFttODlqpGVXpyv95M0aiip7KhyER8PORNwkncjvHpnmVHC_TGta9begZFilvNqZm0DSjwlCl9bl2h_9FQaRXycDkJbVqQ"
  },
  "_sigs/awconnect.json": {
    "#spec": "pvs@2",
    "protected": "eyJhbGciOiJSUzI1NiIsImp3ayI6eyJrdHkiOiJSU0EiLCJuIjoidjRJa0w1MzBYRlkyT1V4aG9vOWVRaWZ1TmxRRk9mOGxHblowUlVGSm9aTkRRNWlHRWlxeXhNMEtpOVh5UUpVV1g2RHpXY3lSVVZPUklJS29hRS1yZlB3YUh1QmdOVDRXY2RzRjN6NTRsWGQ5TUNsdWdfejl5bEgtVFNLUGFKam9ORlAyTVdDX0p5dXUxbG5ucW5iNUdzUlQ1WFh1RlA4MTNwVDlnX25fRmFWbDNuendMUnQ5ZmhHOGs3Y1M5MlJyR2Y0R1pqQnYzUEtORnJWOHBvTmZ1aDI5WHJtcTBWc3ktVGpPNUphT2Q2bzVFcXhGZXBKTnMtS21mMUdMZjlfYS1rN0I3YUQyQWdKYy1hSk9GZ2VEVjNtUFBESXFfbmtPeG9tYXA0a3ZlR0RjbkxMcDg2T1VkUEJaLWVjZHl4ZmhRT3plcm44c2o4ODQ1bmhmWlpPRkN3IiwiZSI6IkFRQUIifSwicHZzIjp7ImluY2x1ZGUiOlsiYXdjb25uZWN0LyoqIiwiX2NvbmZpZy9hd2Nvbm5lY3QvKioiXSwiZXhjbHVkZSI6WyJhd2Nvbm5lY3Qvc3JjLmpzb24iLCJfc2lncy9hd2Nvbm5lY3QuanNvbiJdfSwidHlwIjoiUFZTIiwieDVjIjpbIk1JSURhakNDQWxLZ0F3SUJBZ0lSQUtCc2hlL0F3UDlkYjZ1T1NJTFN1OEl3RFFZSktvWklodmNOQVFFTEJRQXdIREVhTUJnR0ExVUVBd3dSVUdGdWRHRjJhWE52Y2lCRVpYWWdRMEV3SGhjTk1qSXdOakV5TVRBd01ERTRXaGNOTWpRd09URTBNVEF3TURFNFdqQWFNUmd3RmdZRFZRUUREQTl3ZGkxa1pYWmxiRzl3WlhJdE1ERXdnZ0VpTUEwR0NTcUdTSWIzRFFFQkFRVUFBNElCRHdBd2dnRUtBb0lCQVFDL2dpUXZuZlJjVmpZNVRHR2lqMTVDSis0MlZBVTUveVVhZG5SRlFVbWhrME5EbUlZU0tyTEV6UXFMMWZKQWxSWmZvUE5aekpGUlU1RWdncWhvVDZ0OC9Cb2U0R0ExUGhaeDJ3WGZQbmlWZDMwd0tXNkQvUDNLVWY1TklvOW9tT2cwVS9ZeFlMOG5LNjdXV2VlcWR2a2F4RlBsZGU0VS96WGVsUDJEK2Y4VnBXWGVmUEF0RzMxK0VieVR0eEwzWkdzWi9nWm1NRy9jOG8wV3RYeW1nMSs2SGIxZXVhclJXekw1T003a2xvNTNxamtTckVWNmtrMno0cVovVVl0LzM5cjZUc0h0b1BZQ0FsejVvazRXQjROWGVZODhNaXIrZVE3R2lacW5pUzk0WU55Y3N1bnpvNVIwOEZuNTV4M0xGK0ZBN042dWZ5eVB6emptZUY5bGs0VUxBZ01CQUFHamdhZ3dnYVV3Q1FZRFZSMFRCQUl3QURBZEJnTlZIUTRFRmdRVTFlM3haaEhSQkp6MkpKSnlSMTZmMkxHMjJHTXdWd1lEVlIwakJGQXdUb0FVV1l1UStwS0M0SWJwbUNtdkUvajRJZXFSZ1QyaElLUWVNQnd4R2pBWUJnTlZCQU1NRVZCaGJuUmhkbWx6YjNJZ1JHVjJJRU5CZ2hSamNRWjBlaXFxdEJrODBlQmpJQVNUU2NXSnlqQVRCZ05WSFNVRUREQUtCZ2dyQmdFRkJRY0RBekFMQmdOVkhROEVCQU1DQjRBd0RRWUpLb1pJaHZjTkFRRUxCUUFEZ2dFQkFCVzBVQ3pINW03a3E0UTRiL2p6UUszTlB5OVBGOHA5bGg4S3M1ZHZISUFRYkxtTUt5RmJYUWlyblhxZWVlSFg5K01URTZMN21KVVo2RVpvYmUxamlKNlRHM3BycTgzV3JRSEVoQlBXWTk1YWxkUEFuWEJ4SE9LejlvL3FhMytlVVlYdWhNWitQUGJZZGNtWm9lODJBNzdKVnNHMUpGY2VpRGxYVnpiOC8ranVtZ3gwVTNzWFc3YUFyMVpXYU00VmpaTHRsZndCT0ovUUNNOGx0UmFSMk96N21UamZVNTNaWDNROHNWQVRHZVVFaEdsU3pISFRCNC9vTWdGdndhaE9pZlN5Mm5STUUvQXkvQ2pMMy9IMjFFMEdEcC9pQm9BZ1BvNy9BaE1kRTlpRjJXZ3RjQXdFVUVwdmp2V0k0WWs3WWJtMzNQSXRUaGw3Q0NOY280dU5POW89Il19",
    "signature": "fOpJY-ZUCosmuBrHvZwHA15GssM5DeH9h-eF4uqskUr5sXionc0-XRsehcnig_Mg1ll-3XnwGiYqnUpmL3iS9HJ8mK-QFTx_vNo_u9NU6AITRr6I_2-CfpDKnHv6-3NWc1jQS63bpfjM2x_FDn8HgOmnB1RBBjRGGqxXDT5ksjx0PqpsZSn42cDi8gBk91bZ1xeY1pghXD9ZMHxp6x7jw9JUU0eOj4duGJ1ZGpTruYrIlh9CZoDwzNpZIAYm5_6A5lCvEQRCkVnPbplgOBZ97uk_fzGWBzTRmY1HYFKhFt4AEwptaZn9wKFpb4XZsrtPphO51pFvOwqKrAKHG6bV9Q"
  },
  "_sigs/bsp.json": {
    "#spec": "pvs@2",
    "protected": "eyJhbGciOiJSUzI1NiIsImp3ayI6eyJrdHkiOiJSU0EiLCJuIjoidjRJa0w1MzBYRlkyT1V4aG9vOWVRaWZ1TmxRRk9mOGxHblowUlVGSm9aTkRRNWlHRWlxeXhNMEtpOVh5UUpVV1g2RHpXY3lSVVZPUklJS29hRS1yZlB3YUh1QmdOVDRXY2RzRjN6NTRsWGQ5TUNsdWdfejl5bEgtVFNLUGFKam9ORlAyTVdDX0p5dXUxbG5ucW5iNUdzUlQ1WFh1RlA4MTNwVDlnX25fRmFWbDNuendMUnQ5ZmhHOGs3Y1M5MlJyR2Y0R1pqQnYzUEtORnJWOHBvTmZ1aDI5WHJtcTBWc3ktVGpPNUphT2Q2bzVFcXhGZXBKTnMtS21mMUdMZjlfYS1rN0I3YUQyQWdKYy1hSk9GZ2VEVjNtUFBESXFfbmtPeG9tYXA0a3ZlR0RjbkxMcDg2T1VkUEJaLWVjZHl4ZmhRT3plcm44c2o4ODQ1bmhmWlpPRkN3IiwiZSI6IkFRQUIifSwicHZzIjp7ImluY2x1ZGUiOlsiYnNwLyoqIiwiI3NwZWMiLCJkZXZpY2UuanNvbiJdLCJleGNsdWRlIjpbImJzcC9idWlsZC5qc29uIiwiYnNwL3NyYy5qc29uIiwiX3NpZ3MvYnNwLmpzb24iLCJfc2lncy8uanNvbiJdfSwidHlwIjoiUFZTIiwieDVjIjpbIk1JSURhakNDQWxLZ0F3SUJBZ0lSQUtCc2hlL0F3UDlkYjZ1T1NJTFN1OEl3RFFZSktvWklodmNOQVFFTEJRQXdIREVhTUJnR0ExVUVBd3dSVUdGdWRHRjJhWE52Y2lCRVpYWWdRMEV3SGhjTk1qSXdOakV5TVRBd01ERTRXaGNOTWpRd09URTBNVEF3TURFNFdqQWFNUmd3RmdZRFZRUUREQTl3ZGkxa1pYWmxiRzl3WlhJdE1ERXdnZ0VpTUEwR0NTcUdTSWIzRFFFQkFRVUFBNElCRHdBd2dnRUtBb0lCQVFDL2dpUXZuZlJjVmpZNVRHR2lqMTVDSis0MlZBVTUveVVhZG5SRlFVbWhrME5EbUlZU0tyTEV6UXFMMWZKQWxSWmZvUE5aekpGUlU1RWdncWhvVDZ0OC9Cb2U0R0ExUGhaeDJ3WGZQbmlWZDMwd0tXNkQvUDNLVWY1TklvOW9tT2cwVS9ZeFlMOG5LNjdXV2VlcWR2a2F4RlBsZGU0VS96WGVsUDJEK2Y4VnBXWGVmUEF0RzMxK0VieVR0eEwzWkdzWi9nWm1NRy9jOG8wV3RYeW1nMSs2SGIxZXVhclJXekw1T003a2xvNTNxamtTckVWNmtrMno0cVovVVl0LzM5cjZUc0h0b1BZQ0FsejVvazRXQjROWGVZODhNaXIrZVE3R2lacW5pUzk0WU55Y3N1bnpvNVIwOEZuNTV4M0xGK0ZBN042dWZ5eVB6emptZUY5bGs0VUxBZ01CQUFHamdhZ3dnYVV3Q1FZRFZSMFRCQUl3QURBZEJnTlZIUTRFRmdRVTFlM3haaEhSQkp6MkpKSnlSMTZmMkxHMjJHTXdWd1lEVlIwakJGQXdUb0FVV1l1UStwS0M0SWJwbUNtdkUvajRJZXFSZ1QyaElLUWVNQnd4R2pBWUJnTlZCQU1NRVZCaGJuUmhkbWx6YjNJZ1JHVjJJRU5CZ2hSamNRWjBlaXFxdEJrODBlQmpJQVNUU2NXSnlqQVRCZ05WSFNVRUREQUtCZ2dyQmdFRkJRY0RBekFMQmdOVkhROEVCQU1DQjRBd0RRWUpLb1pJaHZjTkFRRUxCUUFEZ2dFQkFCVzBVQ3pINW03a3E0UTRiL2p6UUszTlB5OVBGOHA5bGg4S3M1ZHZISUFRYkxtTUt5RmJYUWlyblhxZWVlSFg5K01URTZMN21KVVo2RVpvYmUxamlKNlRHM3BycTgzV3JRSEVoQlBXWTk1YWxkUEFuWEJ4SE9LejlvL3FhMytlVVlYdWhNWitQUGJZZGNtWm9lODJBNzdKVnNHMUpGY2VpRGxYVnpiOC8ranVtZ3gwVTNzWFc3YUFyMVpXYU00VmpaTHRsZndCT0ovUUNNOGx0UmFSMk96N21UamZVNTNaWDNROHNWQVRHZVVFaEdsU3pISFRCNC9vTWdGdndhaE9pZlN5Mm5STUUvQXkvQ2pMMy9IMjFFMEdEcC9pQm9BZ1BvNy9BaE1kRTlpRjJXZ3RjQXdFVUVwdmp2V0k0WWs3WWJtMzNQSXRUaGw3Q0NOY280dU5POW89Il19",
    "signature": "LTRDXoNGd6NJU0zWDWvuOhopzBB_UooRXpNp0GuxueA24VpedPLiUo7c0IesanPI27eIYJMNCw75ZrvCiwJj99-pluV2sNcUWD9mplevXTIm8HzTCEhnkkck1PjB4JkEHOXZcFfxA-PhfmR8ZjKAEU-F7fJL8SQePANIkRPBBDuUf9IklaZ2fmBqspxOSEPvlbAygJ6PBwWh2sW8CpQTFG0dyZeBKIJpfaGK7gkuMVfWx_ziYoR-0Q5MsJHVWoHai2VYZDWoL7EY0hKWiRObBtGclYg_XUR01LKCqxAqEPbaZ3MYqn0HTCxc50YS2rhYsedQBQKEVk52o7LmMPpbow"
  },
  "_sigs/pv-avahi.json": {
    "#spec": "pvs@2",
    "protected": "eyJhbGciOiJSUzI1NiIsImp3ayI6eyJrdHkiOiJSU0EiLCJuIjoidjRJa0w1MzBYRlkyT1V4aG9vOWVRaWZ1TmxRRk9mOGxHblowUlVGSm9aTkRRNWlHRWlxeXhNMEtpOVh5UUpVV1g2RHpXY3lSVVZPUklJS29hRS1yZlB3YUh1QmdOVDRXY2RzRjN6NTRsWGQ5TUNsdWdfejl5bEgtVFNLUGFKam9ORlAyTVdDX0p5dXUxbG5ucW5iNUdzUlQ1WFh1RlA4MTNwVDlnX25fRmFWbDNuendMUnQ5ZmhHOGs3Y1M5MlJyR2Y0R1pqQnYzUEtORnJWOHBvTmZ1aDI5WHJtcTBWc3ktVGpPNUphT2Q2bzVFcXhGZXBKTnMtS21mMUdMZjlfYS1rN0I3YUQyQWdKYy1hSk9GZ2VEVjNtUFBESXFfbmtPeG9tYXA0a3ZlR0RjbkxMcDg2T1VkUEJaLWVjZHl4ZmhRT3plcm44c2o4ODQ1bmhmWlpPRkN3IiwiZSI6IkFRQUIifSwicHZzIjp7ImluY2x1ZGUiOlsicHYtYXZhaGkvKioiLCJfY29uZmlnL3B2LWF2YWhpLyoqIl0sImV4Y2x1ZGUiOlsicHYtYXZhaGkvc3JjLmpzb24iLCJfc2lncy9wdi1hdmFoaS5qc29uIl19LCJ0eXAiOiJQVlMiLCJ4NWMiOlsiTUlJRGFqQ0NBbEtnQXdJQkFnSVJBS0JzaGUvQXdQOWRiNnVPU0lMU3U4SXdEUVlKS29aSWh2Y05BUUVMQlFBd0hERWFNQmdHQTFVRUF3d1JVR0Z1ZEdGMmFYTnZjaUJFWlhZZ1EwRXdIaGNOTWpJd05qRXlNVEF3TURFNFdoY05NalF3T1RFME1UQXdNREU0V2pBYU1SZ3dGZ1lEVlFRRERBOXdkaTFrWlhabGJHOXdaWEl0TURFd2dnRWlNQTBHQ1NxR1NJYjNEUUVCQVFVQUE0SUJEd0F3Z2dFS0FvSUJBUUMvZ2lRdm5mUmNWalk1VEdHaWoxNUNKKzQyVkFVNS95VWFkblJGUVVtaGswTkRtSVlTS3JMRXpRcUwxZkpBbFJaZm9QTlp6SkZSVTVFZ2dxaG9UNnQ4L0JvZTRHQTFQaFp4MndYZlBuaVZkMzB3S1c2RC9QM0tVZjVOSW85b21PZzBVL1l4WUw4bks2N1dXZWVxZHZrYXhGUGxkZTRVL3pYZWxQMkQrZjhWcFdYZWZQQXRHMzErRWJ5VHR4TDNaR3NaL2dabU1HL2M4bzBXdFh5bWcxKzZIYjFldWFyUld6TDVPTTdrbG81M3Fqa1NyRVY2a2syejRxWi9VWXQvMzlyNlRzSHRvUFlDQWx6NW9rNFdCNE5YZVk4OE1pcitlUTdHaVpxbmlTOTRZTnljc3Vuem81UjA4Rm41NXgzTEYrRkE3TjZ1Znl5UHp6am1lRjlsazRVTEFnTUJBQUdqZ2Fnd2dhVXdDUVlEVlIwVEJBSXdBREFkQmdOVkhRNEVGZ1FVMWUzeFpoSFJCSnoySkpKeVIxNmYyTEcyMkdNd1Z3WURWUjBqQkZBd1RvQVVXWXVRK3BLQzRJYnBtQ212RS9qNEllcVJnVDJoSUtRZU1Cd3hHakFZQmdOVkJBTU1FVkJoYm5SaGRtbHpiM0lnUkdWMklFTkJnaFJqY1FaMGVpcXF0Qms4MGVCaklBU1RTY1dKeWpBVEJnTlZIU1VFRERBS0JnZ3JCZ0VGQlFjREF6QUxCZ05WSFE4RUJBTUNCNEF3RFFZSktvWklodmNOQVFFTEJRQURnZ0VCQUJXMFVDekg1bTdrcTRRNGIvanpRSzNOUHk5UEY4cDlsaDhLczVkdkhJQVFiTG1NS3lGYlhRaXJuWHFlZWVIWDkrTVRFNkw3bUpVWjZFWm9iZTFqaUo2VEczcHJxODNXclFIRWhCUFdZOTVhbGRQQW5YQnhIT0t6OW8vcWEzK2VVWVh1aE1aK1BQYllkY21ab2U4MkE3N0pWc0cxSkZjZWlEbFhWemI4LytqdW1neDBVM3NYVzdhQXIxWldhTTRWalpMdGxmd0JPSi9RQ004bHRSYVIyT3o3bVRqZlU1M1pYM1E4c1ZBVEdlVUVoR2xTekhIVEI0L29NZ0Z2d2FoT2lmU3kyblJNRS9BeS9DakwzL0gyMUUwR0RwL2lCb0FnUG83L0FoTWRFOWlGMldndGNBd0VVRXB2anZXSTRZazdZYm0zM1BJdFRobDdDQ05jbzR1Tk85bz0iXX0",
    "signature": "g2BRtQUeL6fABcVk0V9E40qtAjf_qpnT66vODcartLQL0LUu4F9FT0GHE3RUAufm-STS79VuOluDec1eX76piPyVfzmspaaDk0pOgqCq4PJD27GO80LosZSpee4TNjPnzoQoyKsOWoYyGNfMJ3spKVeH1NDS4Uh_ZkJ5u0_x5jLxzx-eRMGbTJ3EFYK7g7zn6pbE0vFD1uUwgf0QisLHnBhI41Nhyawao_0UGKzlDeU10FIn4DXMwvcRfRXkIvwdMR4klnkDXKs9yAW8i5CtsJZIHw4LMXJmsOfACcdGKd7z4U-ypLqN0x05fIvkdssLiLJsO7RapTui6C0KxpvEig"
  },
  "_sigs/pvr-sdk.json": {
    "#spec": "pvs@2",
    "protected": "eyJhbGciOiJSUzI1NiIsImp3ayI6eyJrdHkiOiJSU0EiLCJuIjoidjRJa0w1MzBYRlkyT1V4aG9vOWVRaWZ1TmxRRk9mOGxHblowUlVGSm9aTkRRNWlHRWlxeXhNMEtpOVh5UUpVV1g2RHpXY3lSVVZPUklJS29hRS1yZlB3YUh1QmdOVDRXY2RzRjN6NTRsWGQ5TUNsdWdfejl5bEgtVFNLUGFKam9ORlAyTVdDX0p5dXUxbG5ucW5iNUdzUlQ1WFh1RlA4MTNwVDlnX25fRmFWbDNuendMUnQ5ZmhHOGs3Y1M5MlJyR2Y0R1pqQnYzUEtORnJWOHBvTmZ1aDI5WHJtcTBWc3ktVGpPNUphT2Q2bzVFcXhGZXBKTnMtS21mMUdMZjlfYS1rN0I3YUQyQWdKYy1hSk9GZ2VEVjNtUFBESXFfbmtPeG9tYXA0a3ZlR0RjbkxMcDg2T1VkUEJaLWVjZHl4ZmhRT3plcm44c2o4ODQ1bmhmWlpPRkN3IiwiZSI6IkFRQUIifSwicHZzIjp7ImluY2x1ZGUiOlsicHZyLXNkay8qKiIsIl9jb25maWcvcHZyLXNkay8qKiJdLCJleGNsdWRlIjpbInB2ci1zZGsvc3JjLmpzb24iLCJfc2lncy9wdnItc2RrLmpzb24iXX0sInR5cCI6IlBWUyIsIng1YyI6WyJNSUlEYWpDQ0FsS2dBd0lCQWdJUkFLQnNoZS9Bd1A5ZGI2dU9TSUxTdThJd0RRWUpLb1pJaHZjTkFRRUxCUUF3SERFYU1CZ0dBMVVFQXd3UlVHRnVkR0YyYVhOdmNpQkVaWFlnUTBFd0hoY05Nakl3TmpFeU1UQXdNREU0V2hjTk1qUXdPVEUwTVRBd01ERTRXakFhTVJnd0ZnWURWUVFEREE5d2RpMWtaWFpsYkc5d1pYSXRNREV3Z2dFaU1BMEdDU3FHU0liM0RRRUJBUVVBQTRJQkR3QXdnZ0VLQW9JQkFRQy9naVF2bmZSY1ZqWTVUR0dpajE1Q0orNDJWQVU1L3lVYWRuUkZRVW1oazBORG1JWVNLckxFelFxTDFmSkFsUlpmb1BOWnpKRlJVNUVnZ3Fob1Q2dDgvQm9lNEdBMVBoWngyd1hmUG5pVmQzMHdLVzZEL1AzS1VmNU5JbzlvbU9nMFUvWXhZTDhuSzY3V1dlZXFkdmtheEZQbGRlNFUvelhlbFAyRCtmOFZwV1hlZlBBdEczMStFYnlUdHhMM1pHc1ovZ1ptTUcvYzhvMFd0WHltZzErNkhiMWV1YXJSV3pMNU9NN2tsbzUzcWprU3JFVjZrazJ6NHFaL1VZdC8zOXI2VHNIdG9QWUNBbHo1b2s0V0I0TlhlWTg4TWlyK2VRN0dpWnFuaVM5NFlOeWNzdW56bzVSMDhGbjU1eDNMRitGQTdONnVmeXlQenpqbWVGOWxrNFVMQWdNQkFBR2pnYWd3Z2FVd0NRWURWUjBUQkFJd0FEQWRCZ05WSFE0RUZnUVUxZTN4WmhIUkJKejJKSkp5UjE2ZjJMRzIyR013VndZRFZSMGpCRkF3VG9BVVdZdVErcEtDNElicG1DbXZFL2o0SWVxUmdUMmhJS1FlTUJ3eEdqQVlCZ05WQkFNTUVWQmhiblJoZG1semIzSWdSR1YySUVOQmdoUmpjUVowZWlxcXRCazgwZUJqSUFTVFNjV0p5akFUQmdOVkhTVUVEREFLQmdnckJnRUZCUWNEQXpBTEJnTlZIUThFQkFNQ0I0QXdEUVlKS29aSWh2Y05BUUVMQlFBRGdnRUJBQlcwVUN6SDVtN2txNFE0Yi9qelFLM05QeTlQRjhwOWxoOEtzNWR2SElBUWJMbU1LeUZiWFFpcm5YcWVlZUhYOStNVEU2TDdtSlVaNkVab2JlMWppSjZURzNwcnE4M1dyUUhFaEJQV1k5NWFsZFBBblhCeEhPS3o5by9xYTMrZVVZWHVoTVorUFBiWWRjbVpvZTgyQTc3SlZzRzFKRmNlaURsWFZ6YjgvK2p1bWd4MFUzc1hXN2FBcjFaV2FNNFZqWkx0bGZ3Qk9KL1FDTThsdFJhUjJPejdtVGpmVTUzWlgzUThzVkFUR2VVRWhHbFN6SEhUQjQvb01nRnZ3YWhPaWZTeTJuUk1FL0F5L0NqTDMvSDIxRTBHRHAvaUJvQWdQbzcvQWhNZEU5aUYyV2d0Y0F3RVVFcHZqdldJNFlrN1libTMzUEl0VGhsN0NDTmNvNHVOTzlvPSJdfQ",
    "signature": "t_P0Y3Uvve2ZkfJVN8_N-_A48giqjIGcrjsGV8uNJULqD3x5I1ljzj4Umf2r9uxcQatjejPXfPskM0c1L2DYJPjMyuvh3hM8glSgKBPL_B3hsfQngwSiiPS6ifCrBGEpaN8kiduAl2i2wbHb9lLDg0S1pd7uc495yKvO9rHafye6J5c58xdtYff_Xe8pDYYubIIV_3MH8ZbZri01AoD6oo7wFZqeoPPkCwC-2UZ1OVOakNdOxC6S4jo0ADYmoc1Vb-Rm_45btqJP9tsQJRczbCVllYCCWaWMgEgkHloB-q4nIStGWSxUej1xXFDKEllYIgdN4P0VCJkLTh6gli_4QQ"
  },
  "_sigs/vaultwarden.json": {
    "#spec": "pvs@2",
    "protected": "eyJhbGciOiJSUzI1NiIsImp3ayI6eyJrdHkiOiJSU0EiLCJuIjoidjRJa0w1MzBYRlkyT1V4aG9vOWVRaWZ1TmxRRk9mOGxHblowUlVGSm9aTkRRNWlHRWlxeXhNMEtpOVh5UUpVV1g2RHpXY3lSVVZPUklJS29hRS1yZlB3YUh1QmdOVDRXY2RzRjN6NTRsWGQ5TUNsdWdfejl5bEgtVFNLUGFKam9ORlAyTVdDX0p5dXUxbG5ucW5iNUdzUlQ1WFh1RlA4MTNwVDlnX25fRmFWbDNuendMUnQ5ZmhHOGs3Y1M5MlJyR2Y0R1pqQnYzUEtORnJWOHBvTmZ1aDI5WHJtcTBWc3ktVGpPNUphT2Q2bzVFcXhGZXBKTnMtS21mMUdMZjlfYS1rN0I3YUQyQWdKYy1hSk9GZ2VEVjNtUFBESXFfbmtPeG9tYXA0a3ZlR0RjbkxMcDg2T1VkUEJaLWVjZHl4ZmhRT3plcm44c2o4ODQ1bmhmWlpPRkN3IiwiZSI6IkFRQUIifSwicHZzIjp7ImluY2x1ZGUiOlsidmF1bHR3YXJkZW4vKioiLCJfY29uZmlnL3ZhdWx0d2FyZGVuLyoqIl0sImV4Y2x1ZGUiOlsidmF1bHR3YXJkZW4vc3JjLmpzb24iXX0sInR5cCI6IlBWUyIsIng1YyI6WyJNSUlEYWpDQ0FsS2dBd0lCQWdJUkFLQnNoZS9Bd1A5ZGI2dU9TSUxTdThJd0RRWUpLb1pJaHZjTkFRRUxCUUF3SERFYU1CZ0dBMVVFQXd3UlVHRnVkR0YyYVhOdmNpQkVaWFlnUTBFd0hoY05Nakl3TmpFeU1UQXdNREU0V2hjTk1qUXdPVEUwTVRBd01ERTRXakFhTVJnd0ZnWURWUVFEREE5d2RpMWtaWFpsYkc5d1pYSXRNREV3Z2dFaU1BMEdDU3FHU0liM0RRRUJBUVVBQTRJQkR3QXdnZ0VLQW9JQkFRQy9naVF2bmZSY1ZqWTVUR0dpajE1Q0orNDJWQVU1L3lVYWRuUkZRVW1oazBORG1JWVNLckxFelFxTDFmSkFsUlpmb1BOWnpKRlJVNUVnZ3Fob1Q2dDgvQm9lNEdBMVBoWngyd1hmUG5pVmQzMHdLVzZEL1AzS1VmNU5JbzlvbU9nMFUvWXhZTDhuSzY3V1dlZXFkdmtheEZQbGRlNFUvelhlbFAyRCtmOFZwV1hlZlBBdEczMStFYnlUdHhMM1pHc1ovZ1ptTUcvYzhvMFd0WHltZzErNkhiMWV1YXJSV3pMNU9NN2tsbzUzcWprU3JFVjZrazJ6NHFaL1VZdC8zOXI2VHNIdG9QWUNBbHo1b2s0V0I0TlhlWTg4TWlyK2VRN0dpWnFuaVM5NFlOeWNzdW56bzVSMDhGbjU1eDNMRitGQTdONnVmeXlQenpqbWVGOWxrNFVMQWdNQkFBR2pnYWd3Z2FVd0NRWURWUjBUQkFJd0FEQWRCZ05WSFE0RUZnUVUxZTN4WmhIUkJKejJKSkp5UjE2ZjJMRzIyR013VndZRFZSMGpCRkF3VG9BVVdZdVErcEtDNElicG1DbXZFL2o0SWVxUmdUMmhJS1FlTUJ3eEdqQVlCZ05WQkFNTUVWQmhiblJoZG1semIzSWdSR1YySUVOQmdoUmpjUVowZWlxcXRCazgwZUJqSUFTVFNjV0p5akFUQmdOVkhTVUVEREFLQmdnckJnRUZCUWNEQXpBTEJnTlZIUThFQkFNQ0I0QXdEUVlKS29aSWh2Y05BUUVMQlFBRGdnRUJBQlcwVUN6SDVtN2txNFE0Yi9qelFLM05QeTlQRjhwOWxoOEtzNWR2SElBUWJMbU1LeUZiWFFpcm5YcWVlZUhYOStNVEU2TDdtSlVaNkVab2JlMWppSjZURzNwcnE4M1dyUUhFaEJQV1k5NWFsZFBBblhCeEhPS3o5by9xYTMrZVVZWHVoTVorUFBiWWRjbVpvZTgyQTc3SlZzRzFKRmNlaURsWFZ6YjgvK2p1bWd4MFUzc1hXN2FBcjFaV2FNNFZqWkx0bGZ3Qk9KL1FDTThsdFJhUjJPejdtVGpmVTUzWlgzUThzVkFUR2VVRWhHbFN6SEhUQjQvb01nRnZ3YWhPaWZTeTJuUk1FL0F5L0NqTDMvSDIxRTBHRHAvaUJvQWdQbzcvQWhNZEU5aUYyV2d0Y0F3RVVFcHZqdldJNFlrN1libTMzUEl0VGhsN0NDTmNvNHVOTzlvPSJdfQ",
    "signature": "cse-DfCtbAklEuAmxA-f1S0BbonJWfrxzXGfGIwcsdGV-vehn8jrvF_0Ud5p0uyU1zjlhy4sLoRjALi7x0OpI4AtHyo5W63R6vTI0z8QiQdSAf5-_VzXrpaM7YlqFOcKPB1Pw7RnIpC_nt9z5NG03YG7z_4o9W1XfwM7mQae6OXqsBzx2-Io2W0b3IrQ0t1hyOwtLnJYb2oMlFJi94Uene4OaZvEMpB_DkQQn0T-LgExi65EQCg-a8JPnjj5_ajDDw0z1HKtbtHejnOB0Wj-LVjn7qkEP1evoXJKNZKiPWQIiVWdvM49jlGwiF8h19MFRWqKWt7M6ZZqqhhdKgOQWA"
  },
  "awconnect/lxc.container.conf": "153d58588b0327f73c8424c214c039fcdd975814bc075bc5c72f82fd3cdfd7b6",
  "awconnect/root.squashfs": "5cfa005a30f7487a1f8957588b6fd1e0882c1b8c5f13106f5b13c86a0d4d9aa6",
  "awconnect/root.squashfs.docker-digest": "ca8528d10c89092174755bbc3dfdd457500c7bea4a95733fee537d1b57822b73",
  "awconnect/run.json": {
    "#spec": "service-manifest-run@1",
    "config": "lxc.container.conf",
    "drivers": {
      "manual": [],
      "optional": [
        "wifi",
        "usbnet",
        "bluetooth"
      ],
      "required": []
    },
    "group": "root",
    "name": "awconnect",
    "root-volume": "root.squashfs",
    "storage": {
      "docker--etc-NetworkManager-system-connections": {
        "persistence": "permanent"
      },
      "lxc-overlay": {
        "persistence": "boot"
      }
    },
    "type": "lxc",
    "volumes": []
  },
  "awconnect/src.json": {
    "#spec": "service-manifest-src@1",
    "args": {
      "PV_DRIVERS_OPTIONAL": [
        "wifi",
        "usbnet",
        "bluetooth"
      ],
      "PV_GROUP": "root"
    },
    "docker_config": {
      "AttachStderr": false,
      "AttachStdin": false,
      "AttachStdout": false,
      "Cmd": [
        "/lib/systemd/systemd"
      ],
      "Domainname": "",
      "Env": [
        "PATH=/usr/local/sbin:/usr/local/bin:/usr/sbin:/usr/bin:/sbin:/bin"
      ],
      "Hostname": "",
      "Image": "sha256:366b227376a502eebd2dde12780c100bb259dc603315b86e8d9ed74b61305ef9",
      "OpenStdin": false,
      "StdinOnce": false,
      "Tty": false,
      "User": "",
      "Volumes": {
        "/etc/NetworkManager/system-connections/": {}
      },
      "WorkingDir": "/opt/wifi-connect/"
    },
    "docker_digest": "registry.gitlab.com/pantacor/pv-platforms/wifi-connect@sha256:f84eb0c7bd098863480da25c5db59667a927909014744b21235b4cc3c726b5ed",
    "docker_name": "registry.gitlab.com/pantacor/pv-platforms/wifi-connect",
    "docker_source": "remote,local",
    "docker_tag": "arm32v5",
    "template": "builtin-lxc-docker"
  },
  "bsp/addon-plymouth.cpio.xz4": "beae6a7bb235916cac52bcfece64c30615cded8c4c640e6941e7ecabe53b4920",
  "bsp/build.json": {
    "altrepogroups": "",
    "branch": "master",
    "commit": "85638ce058b2fa6f26573bd9dce38e54d7d44760",
    "gitdescribe": "019-37-g85638ce",
    "pipeline": "840159949",
    "platform": "rpi64-5.10.y",
    "project": "pantacor/pv-manifest",
    "pvrversion": "pvr version 037-28-g0a05035d",
    "target": "rpi64-5.10.y",
    "time": "2023-04-18 00:10:12 +0000"
  },
  "bsp/drivers.json": {
    "#spec": "driver-aliases@1",
    "all": {
      "bluetooth": [
        "btbcm",
        "hci_uart"
      ],
      "wifi": [
        "brcmutil",
        "brcmfmac"
      ],
      "wireguard": [
        "wireguard"
      ]
    },
    "dtb:all": {}
  },
  "bsp/firmware.squashfs": "91429de0593d9a384d299a0cd3710e3acb700ff898e7272393aae5c2c020b173",
  "bsp/kernel.img": "662f020aabbfb64e840662fe9598918951da4708edf79086c733088ff0a068cb",
  "bsp/modules.squashfs": "5dbb6c99e5ccec6d31f42d07f479374ee6d31435a38be7df6ad96f2e03b5d06c",
  "bsp/pantavisor": "051995afc8267ff9b6920e224c06623a4e6c1ba4c269faa8dbb5fbfc06531ffd",
  "bsp/run.json": {
    "addons": [],
    "firmware": "firmware.squashfs",
    "initrd": "pantavisor",
    "initrd_config": "trail.config",
    "linux": "kernel.img",
    "modules": "modules.squashfs"
  },
  "bsp/src.json": {
    "#spec": "bsp-manifest-src@1",
    "pvr": "https://pvr.pantahub.com/pantahub-ci/rpi64_5_10_y_bsp_latest#bsp,_sigs/bsp.json,device.json"
  },
  "bsp/trail.config": "b236948bd3caaf31c00af82fbeeb0816962e39a96ad6c5cf9bfc1a547cdbe005",
  "device.json": {
    "disks": [
      {
        "name": "dm-internal-secrets",
        "path": "/storage/dm-crypt-files/dm-internal-secrets/versatile.img,2,versatile_key-internal_secrets",
        "type": "dm-crypt-versatile"
      }
    ],
    "groups": [
      {
        "description": "Containers which volumes we want to mount but not to be started",
        "name": "data",
        "restart_policy": "system",
        "status_goal": "MOUNTED",
        "timeout": 30
      },
      {
        "description": "Container or containers that are in charge of setting network connectivity up for the board",
        "name": "root",
        "restart_policy": "system",
        "status_goal": "STARTED",
        "timeout": 30
      },
      {
        "description": "Middleware and utility containers",
        "name": "platform",
        "restart_policy": "system",
        "status_goal": "STARTED",
        "timeout": 30
      },
      {
        "description": "Application level containers",
        "name": "app",
        "restart_policy": "container",
        "status_goal": "STARTED",
        "timeout": 30
      }
    ],
    "volumes": {
      "pv--devmeta": {
        "disk": "dm-internal-secrets",
        "persistence": "permanent"
      },
      "pv--usrmeta": {
        "disk": "dm-internal-secrets",
        "persistence": "permanent"
      }
    }
  },
  "network-mapping.json": {},
  "pv-avahi/lxc.container.conf": "03c7a009259477721f65c13202c206b96046a768f712829f6dde2fae5355f75b",
  "pv-avahi/root.squashfs": "7f64ab9af93a3c408ba2d52bd1ea35fb8df2cc0f6a35405ba5b37236ffe5bf24",
  "pv-avahi/root.squashfs.docker-digest": "5798c689e445f7d5132af907bdba082f0211c82be5dcceb4dfed3c5db31f2b64",
  "pv-avahi/run.json": {
    "#spec": "service-manifest-run@1",
    "config": "lxc.container.conf",
    "drivers": {
      "manual": [],
      "optional": [],
      "required": []
    },
    "group": "platform",
    "name": "pv-avahi",
    "root-volume": "root.squashfs",
    "storage": {
      "lxc-overlay": {
        "persistence": "boot"
      }
    },
    "type": "lxc",
    "volumes": []
  },
  "pv-avahi/src.json": {
    "#spec": "service-manifest-src@1",
    "args": {
      "PV_GROUP": "platform"
    },
    "docker_config": {
      "AttachStderr": false,
      "AttachStdin": false,
      "AttachStdout": false,
      "Cmd": [
        "/sbin/init"
      ],
      "Domainname": "",
      "Env": [
        "PATH=/usr/local/sbin:/usr/local/bin:/usr/sbin:/usr/bin:/sbin:/bin"
      ],
      "Hostname": "",
      "Image": "sha256:701f4bbc1d5b707fc7daabf637cb2fa12532d05ceea6be24f8bb15a55805843b",
      "OpenStdin": false,
      "StdinOnce": false,
      "Tty": false,
      "User": "",
      "WorkingDir": ""
    },
    "docker_digest": "registry.gitlab.com/pantacor/pv-platforms/pv-avahi@sha256:895b2af2b5d407235f2b8c7c568532108a44946898694282340ef0315e2afb28",
    "docker_name": "registry.gitlab.com/pantacor/pv-platforms/pv-avahi",
    "docker_source": "remote,local",
    "docker_tag": "arm32v6",
    "template": "builtin-lxc-docker"
  },
  "pvr-sdk/_dm/root.squashfs.json": {
    "data_device": "root.squashfs",
    "hash_device": "root.squashfs.hash",
    "root_hash": "2b95173c2fba9391e7e5fc441a7ef54265b4dcc0f70392fc9089f340c57e5b3c",
    "salt": "64440fb2cd2374345715ed8fa574e5b798d97b30b8d90d79d70012f4ac97462b",
    "type": "dm-verity",
    "uuid": "125e28bb-90af-4d13-b72b-c14549476299"
  },
  "pvr-sdk/lxc.container.conf": "a69205914de2e8b95270f94591d5c015796590da5273db35ef6b2ed40631fcca",
  "pvr-sdk/root.squashfs": "e866210562d443d0cc91dbd22da19e53a990eb01046f692b422318335eeba362",
  "pvr-sdk/root.squashfs.docker-digest": "4ad4b3d2fa805c1d984a974815fd5cf32bf1f7b6eb7030e955c93aef2aaef9ed",
  "pvr-sdk/root.squashfs.hash": "ef1e1bccf87ea2214fb68ac98f755f6226fd602042e3448176887ee0fdad69c3",
  "pvr-sdk/run.json": {
    "#spec": "service-manifest-run@1",
    "config": "lxc.container.conf",
    "drivers": {
      "manual": [],
      "optional": [],
      "required": []
    },
    "group": "platform",
    "name": "pvr-sdk",
    "restart_policy": "system",
    "roles": [
      "mgmt"
    ],
    "root-volume": "dm:root.squashfs",
    "status_goal": "STARTED",
    "storage": {
      "docker--etc-dropbear": {
        "persistence": "permanent"
      },
      "docker--etc-volume": {
        "persistence": "permanent"
      },
      "docker--home-pantavisor-.ssh": {
        "persistence": "permanent"
      },
      "docker--var-pvr-sdk": {
        "persistence": "permanent"
      },
      "lxc-overlay": {
        "persistence": "boot"
      }
    },
    "type": "lxc",
    "volumes": []
  },
  "pvr-sdk/src.json": {
    "#spec": "service-manifest-src@1",
    "args": {
      "PV_GROUP": "platform",
      "PV_LXC_EXTRA_CONF": "lxc.mount.entry = /volumes/_pv/addons/plymouth/text-io var/run/plymouth-io-sockets none bind,rw,optional,create=dir 0 0",
      "PV_RESTART_POLICY": "system",
      "PV_ROLES": [
        "mgmt"
      ],
      "PV_SECURITY_WITH_STORAGE": "yes",
      "PV_STATUS_GOAL": "STARTED"
    },
    "dm_enabled": {
      "root.squashfs": true
    },
    "docker_config": {
      "ArgsEscaped": true,
      "Cmd": [
        "/sbin/init"
      ],
      "Env": [
        "PATH=/usr/local/sbin:/usr/local/bin:/usr/sbin:/usr/bin:/sbin:/bin",
        "PVR_DISABLE_SELF_UPGRADE=true",
        "PVR_CONFIG_DIR=/var/pvr-sdk/.pvr"
      ],
      "Volumes": {
        "/etc-volume": {},
        "/etc/dropbear": {},
        "/home/pantavisor/.ssh": {},
        "/var/pvr-sdk": {}
      },
      "WorkingDir": "/workspace"
    },
    "docker_digest": "registry.gitlab.com/pantacor/pv-platforms/pvr-sdk@sha256:3f29016b59823f9edd8515ef23f9629498eafb4ff95f8a4769d09a4b2f8b3daa",
    "docker_name": "registry.gitlab.com/pantacor/pv-platforms/pvr-sdk",
    "docker_source": "remote,local",
    "docker_tag": "arm32v6-feature-remove-signature-dependencies",
    "template": "builtin-lxc-docker"
  },
  "storage-mapping.json": {},
  "vaultwarden/lxc.container.conf": "4c3146690ded8009e372fb62fdb70cab453abb80231a063270f5b32415350159",
  "vaultwarden/root.squashfs": "c73c67577de8c0961355f901179c380ffb5161fa85beb61f2bfed013c2a64f2a",
  "vaultwarden/root.squashfs.docker-digest": "aa1b3516b0a3285889f4344fa177c211536fbc8e84431e4b05141118980ef386",
  "vaultwarden/run.json": {
    "#spec": "service-manifest-run@1",
    "config": "lxc.container.conf",
    "drivers": {
      "manual": [],
      "optional": [],
      "required": []
    },
    "group": "app",
    "name": "vaultwarden",
    "root-volume": "root.squashfs",
    "storage": {
      "docker--data": {
        "persistence": "permanent"
      },
      "lxc-overlay": {
        "persistence": "boot"
      }
    },
    "type": "lxc",
    "volumes": []
  },
  "vaultwarden/src.json": {
    "#spec": "service-manifest-src@1",
    "args": {
      "PV_GROUP": "app"
    },
    "docker_config": {
      "ArgsEscaped": true,
      "Cmd": [
        "/start.sh"
      ],
      "Entrypoint": [
        "/usr/bin/dumb-init",
        "--"
      ],
      "Env": [
        "PATH=/usr/local/sbin:/usr/local/bin:/usr/sbin:/usr/bin:/sbin:/bin",
        "LC_ALL=C.UTF-8",
        "DEBIAN_FRONTEND=noninteractive",
        "UDEV=off",
        "QEMU_CPU=arm1176",
        "ROCKET_PROFILE=release",
        "ROCKET_ADDRESS=0.0.0.0",
        "ROCKET_PORT=8643"
      ],
      "ExposedPorts": {
        "3012/tcp": {},
        "8643/tcp": {}
      },
      "Healthcheck": {
        "Interval": 60000000000,
        "Test": [
          "CMD",
          "/healthcheck.sh"
        ],
        "Timeout": 10000000000
      },
      "Labels": {
        "io.balena.architecture": "rpi",
        "io.balena.device-type": "raspberrypi",
        "io.balena.qemu.version": "7.0.0+balena1-arm",
        "org.opencontainers.image.created": "2022-07-27T18:44:18+00:00",
        "org.opencontainers.image.documentation": "https://github.com/dani-garcia/vaultwarden/wiki",
        "org.opencontainers.image.licenses": "GPL-3.0-only",
        "org.opencontainers.image.revision": "ce9d93003cd37a79edba1ba830a6c6d3fa22c2c8",
        "org.opencontainers.image.source": "https://github.com/dani-garcia/vaultwarden",
        "org.opencontainers.image.url": "https://hub.docker.com/r/vaultwarden/server",
        "org.opencontainers.image.version": "1.25.2"
      },
      "Volumes": {
        "/data": {}
      },
      "WorkingDir": "/"
    },
    "docker_digest": "vaultwarden/server@sha256:e3213deb97129d9b714545efd42ad7ceb22f6e7a8d5383853e32a1940f552bcd",
    "docker_name": "vaultwarden/server",
    "docker_platform": "linux/arm",
    "docker_source": "remote,local",
    "docker_tag": "latest",
    "persistence": {},
    "template": "builtin-lxc-docker"
  }
}