{
  "#spec": "pantavisor-service-system@1",
  "_config/nginx/something/to/something.txt": "d2d0654c6c4393dd6dd2e006299e4c9150da26701ebb14c199f1ba6c85d8e74f",
  "_sigs/nginx-config.json": {
    "#spec": "pvs@2",
    "protected": "eyJhbGciOiJSUzI1NiIsImp3ayI6eyJrdHkiOiJSU0EiLCJuIjoidjRJa0w1MzBYRlkyT1V4aG9vOWVRaWZ1TmxRRk9mOGxHblowUlVGSm9aTkRRNWlHRWlxeXhNMEtpOVh5UUpVV1g2RHpXY3lSVVZPUklJS29hRS1yZlB3YUh1QmdOVDRXY2RzRjN6NTRsWGQ5TUNsdWdfejl5bEgtVFNLUGFKam9ORlAyTVdDX0p5dXUxbG5ucW5iNUdzUlQ1WFh1RlA4MTNwVDlnX25fRmFWbDNuendMUnQ5ZmhHOGs3Y1M5MlJyR2Y0R1pqQnYzUEtORnJWOHBvTmZ1aDI5WHJtcTBWc3ktVGpPNUphT2Q2bzVFcXhGZXBKTnMtS21mMUdMZjlfYS1rN0I3YUQyQWdKYy1hSk9GZ2VEVjNtUFBESXFfbmtPeG9tYXA0a3ZlR0RjbkxMcDg2T1VkUEJaLWVjZHl4ZmhRT3plcm44c2o4ODQ1bmhmWlpPRkN3IiwiZSI6IkFRQUIifSwicHZzIjp7ImluY2x1ZGUiOlsiX2NvbmZpZy9uZ2lueC9zb21ldGhpbmcvdG8vc29tZXRoaW5nLnR4dCJdLCJleGNsdWRlIjpbInNyYy5qc29uIiwiX3NpZ3MvLmpzb24iXX0sInR5cCI6IlBWUyIsIng1YyI6WyJNSUlEYWpDQ0FsS2dBd0lCQWdJUkFLQnNoZS9Bd1A5ZGI2dU9TSUxTdThJd0RRWUpLb1pJaHZjTkFRRUxCUUF3SERFYU1CZ0dBMVVFQXd3UlVHRnVkR0YyYVhOdmNpQkVaWFlnUTBFd0hoY05Nakl3TmpFeU1UQXdNREU0V2hjTk1qUXdPVEUwTVRBd01ERTRXakFhTVJnd0ZnWURWUVFEREE5d2RpMWtaWFpsYkc5d1pYSXRNREV3Z2dFaU1BMEdDU3FHU0liM0RRRUJBUVVBQTRJQkR3QXdnZ0VLQW9JQkFRQy9naVF2bmZSY1ZqWTVUR0dpajE1Q0orNDJWQVU1L3lVYWRuUkZRVW1oazBORG1JWVNLckxFelFxTDFmSkFsUlpmb1BOWnpKRlJVNUVnZ3Fob1Q2dDgvQm9lNEdBMVBoWngyd1hmUG5pVmQzMHdLVzZEL1AzS1VmNU5JbzlvbU9nMFUvWXhZTDhuSzY3V1dlZXFkdmtheEZQbGRlNFUvelhlbFAyRCtmOFZwV1hlZlBBdEczMStFYnlUdHhMM1pHc1ovZ1ptTUcvYzhvMFd0WHltZzErNkhiMWV1YXJSV3pMNU9NN2tsbzUzcWprU3JFVjZrazJ6NHFaL1VZdC8zOXI2VHNIdG9QWUNBbHo1b2s0V0I0TlhlWTg4TWlyK2VRN0dpWnFuaVM5NFlOeWNzdW56bzVSMDhGbjU1eDNMRitGQTdONnVmeXlQenpqbWVGOWxrNFVMQWdNQkFBR2pnYWd3Z2FVd0NRWURWUjBUQkFJd0FEQWRCZ05WSFE0RUZnUVUxZTN4WmhIUkJKejJKSkp5UjE2ZjJMRzIyR013VndZRFZSMGpCRkF3VG9BVVdZdVErcEtDNElicG1DbXZFL2o0SWVxUmdUMmhJS1FlTUJ3eEdqQVlCZ05WQkFNTUVWQmhiblJoZG1semIzSWdSR1YySUVOQmdoUmpjUVowZWlxcXRCazgwZUJqSUFTVFNjV0p5akFUQmdOVkhTVUVEREFLQmdnckJnRUZCUWNEQXpBTEJnTlZIUThFQkFNQ0I0QXdEUVlKS29aSWh2Y05BUUVMQlFBRGdnRUJBQlcwVUN6SDVtN2txNFE0Yi9qelFLM05QeTlQRjhwOWxoOEtzNWR2SElBUWJMbU1LeUZiWFFpcm5YcWVlZUhYOStNVEU2TDdtSlVaNkVab2JlMWppSjZURzNwcnE4M1dyUUhFaEJQV1k5NWFsZFBBblhCeEhPS3o5by9xYTMrZVVZWHVoTVorUFBiWWRjbVpvZTgyQTc3SlZzRzFKRmNlaURsWFZ6YjgvK2p1bWd4MFUzc1hXN2FBcjFaV2FNNFZqWkx0bGZ3Qk9KL1FDTThsdFJhUjJPejdtVGpmVTUzWlgzUThzVkFUR2VVRWhHbFN6SEhUQjQvb01nRnZ3YWhPaWZTeTJuUk1FL0F5L0NqTDMvSDIxRTBHRHAvaUJvQWdQbzcvQWhNZEU5aUYyV2d0Y0F3RVVFcHZqdldJNFlrN1libTMzUEl0VGhsN0NDTmNvNHVOTzlvPSJdfQ",
    "signature": "SohGj9tUpb1jmptG6q76skf-_4Q_SGXj_N37uLChWY1oybUM54Jjbp3k-XrNPl1o_5YBIHFRtcfsaSQC4zX6WhNcEq3z8elpOQ87JOruA40osfwoLi2H9OxRg-WMQ0uIHgrwqwicrpBGt6dihiZeZDMNkryH9olGX5Rmcb0gUAff-L8JB8Fuo5K34uEBpen4KiIE_ue-JzsxCpv1jNSpyU0DUPc0qq19k_dDP09xUtZ-3WLKg1psj8qyb_zwpQo9-69EQupgoK5hAwRL53OCCnqidmny1v8s7AWQBlTkHAhvbU-9KbFhU4usIKh6c_T4MVpIn2s_Mj9EQMS8yC2B1A"
  },
  "_sigs/pvwificonnect.json": {
    "#spec": "pvs@2",
    "protected": "eyJhbGciOiJSUzI1NiIsImp3ayI6eyJrdHkiOiJSU0EiLCJuIjoidjRJa0w1MzBYRlkyT1V4aG9vOWVRaWZ1TmxRRk9mOGxHblowUlVGSm9aTkRRNWlHRWlxeXhNMEtpOVh5UUpVV1g2RHpXY3lSVVZPUklJS29hRS1yZlB3YUh1QmdOVDRXY2RzRjN6NTRsWGQ5TUNsdWdfejl5bEgtVFNLUGFKam9ORlAyTVdDX0p5dXUxbG5ucW5iNUdzUlQ1WFh1RlA4MTNwVDlnX25fRmFWbDNuendMUnQ5ZmhHOGs3Y1M5MlJyR2Y0R1pqQnYzUEtORnJWOHBvTmZ1aDI5WHJtcTBWc3ktVGpPNUphT2Q2bzVFcXhGZXBKTnMtS21mMUdMZjlfYS1rN0I3YUQyQWdKYy1hSk9GZ2VEVjNtUFBESXFfbmtPeG9tYXA0a3ZlR0RjbkxMcDg2T1VkUEJaLWVjZHl4ZmhRT3plcm44c2o4ODQ1bmhmWlpPRkN3IiwiZSI6IkFRQUIifSwicHZzIjp7ImluY2x1ZGUiOlsicHZ3aWZpY29ubmVjdC8qKiJdLCJleGNsdWRlIjpbInB2d2lmaWNvbm5lY3Qvc3JjLmpzb24iLCJfc2lncy9wdndpZmljb25uZWN0Lmpzb24iXX0sInR5cCI6IlBWUyIsIng1YyI6WyJNSUlEYWpDQ0FsS2dBd0lCQWdJUkFLQnNoZS9Bd1A5ZGI2dU9TSUxTdThJd0RRWUpLb1pJaHZjTkFRRUxCUUF3SERFYU1CZ0dBMVVFQXd3UlVHRnVkR0YyYVhOdmNpQkVaWFlnUTBFd0hoY05Nakl3TmpFeU1UQXdNREU0V2hjTk1qUXdPVEUwTVRBd01ERTRXakFhTVJnd0ZnWURWUVFEREE5d2RpMWtaWFpsYkc5d1pYSXRNREV3Z2dFaU1BMEdDU3FHU0liM0RRRUJBUVVBQTRJQkR3QXdnZ0VLQW9JQkFRQy9naVF2bmZSY1ZqWTVUR0dpajE1Q0orNDJWQVU1L3lVYWRuUkZRVW1oazBORG1JWVNLckxFelFxTDFmSkFsUlpmb1BOWnpKRlJVNUVnZ3Fob1Q2dDgvQm9lNEdBMVBoWngyd1hmUG5pVmQzMHdLVzZEL1AzS1VmNU5JbzlvbU9nMFUvWXhZTDhuSzY3V1dlZXFkdmtheEZQbGRlNFUvelhlbFAyRCtmOFZwV1hlZlBBdEczMStFYnlUdHhMM1pHc1ovZ1ptTUcvYzhvMFd0WHltZzErNkhiMWV1YXJSV3pMNU9NN2tsbzUzcWprU3JFVjZrazJ6NHFaL1VZdC8zOXI2VHNIdG9QWUNBbHo1b2s0V0I0TlhlWTg4TWlyK2VRN0dpWnFuaVM5NFlOeWNzdW56bzVSMDhGbjU1eDNMRitGQTdONnVmeXlQenpqbWVGOWxrNFVMQWdNQkFBR2pnYWd3Z2FVd0NRWURWUjBUQkFJd0FEQWRCZ05WSFE0RUZnUVUxZTN4WmhIUkJKejJKSkp5UjE2ZjJMRzIyR013VndZRFZSMGpCRkF3VG9BVVdZdVErcEtDNElicG1DbXZFL2o0SWVxUmdUMmhJS1FlTUJ3eEdqQVlCZ05WQkFNTUVWQmhiblJoZG1semIzSWdSR1YySUVOQmdoUmpjUVowZWlxcXRCazgwZUJqSUFTVFNjV0p5akFUQmdOVkhTVUVEREFLQmdnckJnRUZCUWNEQXpBTEJnTlZIUThFQkFNQ0I0QXdEUVlKS29aSWh2Y05BUUVMQlFBRGdnRUJBQlcwVUN6SDVtN2txNFE0Yi9qelFLM05QeTlQRjhwOWxoOEtzNWR2SElBUWJMbU1LeUZiWFFpcm5YcWVlZUhYOStNVEU2TDdtSlVaNkVab2JlMWppSjZURzNwcnE4M1dyUUhFaEJQV1k5NWFsZFBBblhCeEhPS3o5by9xYTMrZVVZWHVoTVorUFBiWWRjbVpvZTgyQTc3SlZzRzFKRmNlaURsWFZ6YjgvK2p1bWd4MFUzc1hXN2FBcjFaV2FNNFZqWkx0bGZ3Qk9KL1FDTThsdFJhUjJPejdtVGpmVTUzWlgzUThzVkFUR2VVRWhHbFN6SEhUQjQvb01nRnZ3YWhPaWZTeTJuUk1FL0F5L0NqTDMvSDIxRTBHRHAvaUJvQWdQbzcvQWhNZEU5aUYyV2d0Y0F3RVVFcHZqdldJNFlrN1libTMzUEl0VGhsN0NDTmNvNHVOTzlvPSJdfQ",
    "signature": "dtofBVRbzFRy4I1UtyHwdEfQVK1s8ux19XLpkk7uhLlkUAQoXosHCIfVsrKgc-2I3xc_jbo7HEvAmpmhmmTINyX98jJpc0KrpTw1mHPDbxwETvXeGKsu_OIXEMuq5yNxtRH90wInJsGdC4hKeoCu9tybcPA7Qr1niret7c3LILWV06kXGnW5aspDuW9iSyJmZRY4YU4YPD2vcUMsbSYtaI8m2LE0HAVokUIWbry9GwwrRFoxALHmR7-QDzdXjGQYpqF6lEHCDc0iYcY7EKpz_yBBYSQ4J68pnUn3vY4TamYHyukjg8BqjxjhtXcZMbkZzX2skNng-1fWDaYa5U0_xA"
  },
  "pvwificonnect/lxc.container.conf": "25b1baa45a1ff796001980743878b169b7623c368f55a0a073df893121791929",
  "pvwificonnect/root.squashfs": "1e18271a13197e8964ca958e4477eac6b2752767f8210f51098ecd2885af442b",
  "pvwificonnect/root.squashfs.docker-digest": "97a788ad97e99d9323ac54a0924e0f53fe522bb009541278b81516623e8206a9",
  "pvwificonnect/run.json": {
    "#spec": "service-manifest-run@1",
    "config": "lxc.container.conf",
    "drivers": {
      "manual": [],
      "optional": [],
      "required": []
    },
    "group": "platform",
    "name": "pvwificonnect",
    "restart_policy": "container",
    "root-volume": "root.squashfs",
    "storage": {
      "docker--tmp": {
        "persistence": "permanent"
      },
      "lxc-overlay": {
        "persistence": "boot"
      }
    },
    "type": "lxc",
    "volumes": []
  },
  "pvwificonnect/src.json": {
    "#spec": "service-manifest-src@1",
    "args": {
      "PV_GROUP": "platform",
      "PV_LXC_CAP_KEEP": [
        "block_suspend",
        "wake_alarm",
        "sys_time",
        "net_admin net_raw net_bind_service"
      ],
      "PV_RESTART_POLICY": "container",
      "PV_VOLUME_IMPORTS": [
        "os:/pvrun/dbus:/var/run/dbus"
      ]
    },
    "docker_config": {
      "ArgsEscaped": true,
      "Cmd": [
        "/app/pvwificonnect"
      ],
      "Env": [
        "PATH=/usr/local/sbin:/usr/local/bin:/usr/sbin:/usr/bin:/sbin:/bin"
      ],
      "Volumes": {
        "/tmp": {}
      },
      "WorkingDir": "/app"
    },
    "docker_digest": "registry.gitlab.com/pantacor/pvwificonnect@sha256:19528781bc0871806b08505c139474f22867508f2df899a0d3c9f498ddd760c5",
    "docker_name": "registry.gitlab.com/pantacor/pvwificonnect",
    "docker_platform": "linux/arm/v6",
    "docker_source": "remote,local",
    "docker_tag": "main",
    "template": "builtin-lxc-docker"
  }
}
